分类: 📺央视频道, 名称: CCTV-1, 有效: 0, IPv4: 9, IPv6: 0, 最小延迟: 10472 ms, 最高速率: 0.06 M/s, 平均速率: 0.00 M/s, 最高分辨率: None, 平均帧率: 未知, 视频编解码器: 未知, 音频编解码器: 未知
分类: 📺央视频道, 名称: CCTV-2, 有效: 0, IPv4: 10, IPv6: 0, 最小延迟: 10540 ms, 最高速率: 0.05 M/s, 平均速率: 0.00 M/s, 最高分辨率: 1920x1080, 平均帧率: 50.00, 视频编解码器: h264, 音频编解码器: ac3
分类: 📺央视频道, 名称: CCTV-3, 有效: 0, IPv4: 9, IPv6: 0, 最小延迟: 10124 ms, 最高速率: 0.07 M/s, 平均速率: 0.00 M/s, 最高分辨率: 1920x1080, 平均帧率: 50.00, 视频编解码器: h264, 音频编解码器: ac3
分类: 📺央视频道, 名称: CCTV-4, 有效: 0, IPv4: 10, IPv6: 0, 最小延迟: 10130 ms, 最高速率: 0.05 M/s, 平均速率: 0.00 M/s, 最高分辨率: 1920x1080, 平均帧率: 50.00, 视频编解码器: h264, 音频编解码器: ac3
分类: 📺央视频道, 名称: CCTV-5, 有效: 0, IPv4: 9, IPv6: 0, 最小延迟: 10143 ms, 最高速率: 0.11 M/s, 平均速率: 0.00 M/s, 最高分辨率: 1920x1080, 平均帧率: 50.00, 视频编解码器: h264, 音频编解码器: ac3
分类: 📺央视频道, 名称: CCTV-5+, 有效: 0, IPv4: 9, IPv6: 0, 最小延迟: 10148 ms, 最高速率: 0.10 M/s, 平均速率: 0.00 M/s, 最高分辨率: 1920x1080, 平均帧率: 50.00, 视频编解码器: h264, 音频编解码器: ac3
分类: 📺央视频道, 名称: CCTV-6, 有效: 0, IPv4: 10, IPv6: 0, 最小延迟: 10230 ms, 最高速率: 0.17 M/s, 平均速率: 0.00 M/s, 最高分辨率: 1920x1080, 平均帧率: 37.50, 视频编解码器: h264, 音频编解码器: ac3
分类: 📺央视频道, 名称: CCTV-7, 有效: 0, IPv4: 10, IPv6: 0, 最小延迟: 10150 ms, 最高速率: 0.09 M/s, 平均速率: 0.00 M/s, 最高分辨率: 1920x1080, 平均帧率: 50.00, 视频编解码器: h264, 音频编解码器: ac3
分类: 📺央视频道, 名称: CCTV-8, 有效: 0, IPv4: 9, IPv6: 0, 最小延迟: 10418 ms, 最高速率: 0.06 M/s, 平均速率: 0.00 M/s, 最高分辨率: 1920x1080, 平均帧率: 50.00, 视频编解码器: h264, 音频编解码器: ac3
分类: 📺央视频道, 名称: CCTV-9, 有效: 0, IPv4: 11, IPv6: 0, 最小延迟: 10008 ms, 最高速率: 0.18 M/s, 平均速率: 0.00 M/s, 最高分辨率: None, 平均帧率: 未知, 视频编解码器: 未知, 音频编解码器: 未知
分类: 📺央视频道, 名称: CCTV-10, 有效: 0, IPv4: 9, IPv6: 0, 最小延迟: 10378 ms, 最高速率: 0.09 M/s, 平均速率: 0.00 M/s, 最高分辨率: 1920x1080, 平均帧率: 50.00, 视频编解码器: h264, 音频编解码器: ac3
分类: 📺央视频道, 名称: CCTV-11, 有效: 0, IPv4: 10, IPv6: 0, 最小延迟: 10273 ms, 最高速率: 0.16 M/s, 平均速率: 0.00 M/s, 最高分辨率: 1920x1080, 平均帧率: 50.00, 视频编解码器: h264, 音频编解码器: ac3
分类: 📺央视频道, 名称: CCTV-12, 有效: 0, IPv4: 9, IPv6: 0, 最小延迟: 10571 ms, 最高速率: 0.11 M/s, 平均速率: 0.00 M/s, 最高分辨率: 1920x1080, 平均帧率: 50.00, 视频编解码器: h264, 音频编解码器: ac3
分类: 📺央视频道, 名称: CCTV-13, 有效: 0, IPv4: 11, IPv6: 0, 最小延迟: 10010 ms, 最高速率: 0.11 M/s, 平均速率: 0.00 M/s, 最高分辨率: 1920x1080, 平均帧率: 50.00, 视频编解码器: h264, 音频编解码器: ac3
分类: 📺央视频道, 名称: CCTV-16, 有效: 1, IPv4: 9, IPv6: 0, 最小延迟: 400 ms, 最高速率: 8.22 M/s, 平均速率: 8.22 M/s, 最高分辨率: 1920x1080, 平均帧率: 未知, 视频编解码器: 未知, 音频编解码器: 未知
分类: 📺央视频道, 名称: CCTV-14, 有效: 0, IPv4: 9, IPv6: 0, 最小延迟: 10226 ms, 最高速率: 0.06 M/s, 平均速率: 0.00 M/s, 最高分辨率: 1920x1080, 平均帧率: 50.00, 视频编解码器: h264, 音频编解码器: ac3
分类: 📺央视频道, 名称: CCTV-15, 有效: 0, IPv4: 10, IPv6: 0, 最小延迟: 10463 ms, 最高速率: 0.11 M/s, 平均速率: 0.00 M/s, 最高分辨率: 1920x1080, 平均帧率: 50.00, 视频编解码器: h264, 音频编解码器: ac3
分类: 📡卫视频道, 名称: 湖南卫视, 有效: 1, IPv4: 10, IPv6: 0, 最小延迟: 508 ms, 最高速率: 8.82 M/s, 平均速率: 8.82 M/s, 最高分辨率: 1920x1080, 平均帧率: 50.00, 视频编解码器: h264, 音频编解码器: ac3
分类: 📡卫视频道, 名称: 陕西卫视, 有效: 1, IPv4: 7, IPv6: 0, 最小延迟: 396 ms, 最高速率: 8.32 M/s, 平均速率: 8.32 M/s, 最高分辨率: 1920x1080, 平均帧率: 50.00, 视频编解码器: h264, 音频编解码器: mp2
分类: 📺央视频道, 名称: CCTV-17, 有效: 0, IPv4: 9, IPv6: 0, 最小延迟: 10681 ms, 最高速率: 0.00 M/s, 平均速率: 0.00 M/s, 最高分辨率: None, 平均帧率: 未知, 视频编解码器: 未知, 音频编解码器: 未知
分类: 📡卫视频道, 名称: 吉林卫视, 有效: 0, IPv4: 8, IPv6: 0, 最小延迟: 10679 ms, 最高速率: 0.00 M/s, 平均速率: 0.00 M/s, 最高分辨率: None, 平均帧率: 未知, 视频编解码器: 未知, 音频编解码器: 未知
